Archive member included to satisfy reference by file (symbol)

C:/ST/STM32CubeIDE_1.19.0/STM32CubeIDE/plugins/com.st.stm32cube.ide.mcu.externaltools.gnu-tools-for-stm32.13.3.rel1.win32_1.0.0.202411081344/tools/bin/../lib/gcc/arm-none-eabi/13.3.1/../../../../arm-none-eabi/lib/thumb/v7e-m+fp/hard\libc_nano.a(libc_a-exit.o)
                              C:/ST/STM32CubeIDE_1.19.0/STM32CubeIDE/plugins/com.st.stm32cube.ide.mcu.externaltools.gnu-tools-for-stm32.13.3.rel1.win32_1.0.0.202411081344/tools/bin/../lib/gcc/arm-none-eabi/13.3.1/../../../../arm-none-eabi/lib/thumb/v7e-m+fp/hard/crt0.o (exit)
C:/ST/STM32CubeIDE_1.19.0/STM32CubeIDE/plugins/com.st.stm32cube.ide.mcu.externaltools.gnu-tools-for-stm32.13.3.rel1.win32_1.0.0.202411081344/tools/bin/../lib/gcc/arm-none-eabi/13.3.1/../../../../arm-none-eabi/lib/thumb/v7e-m+fp/hard\libc_nano.a(libc_a-malloc.o)
                              ./Middlewares/ST/STM32_USB_Host_Library/Class/CDC/Src/usbh_cdc.o (malloc)
C:/ST/STM32CubeIDE_1.19.0/STM32CubeIDE/plugins/com.st.stm32cube.ide.mcu.externaltools.gnu-tools-for-stm32.13.3.rel1.win32_1.0.0.202411081344/tools/bin/../lib/gcc/arm-none-eabi/13.3.1/../../../../arm-none-eabi/lib/thumb/v7e-m+fp/hard\libc_nano.a(libc_a-mallocr.o)
                              C:/ST/STM32CubeIDE_1.19.0/STM32CubeIDE/plugins/com.st.stm32cube.ide.mcu.externaltools.gnu-tools-for-stm32.13.3.rel1.win32_1.0.0.202411081344/tools/bin/../lib/gcc/arm-none-eabi/13.3.1/../../../../arm-none-eabi/lib/thumb/v7e-m+fp/hard\libc_nano.a(libc_a-malloc.o) (_malloc_r)
C:/ST/STM32CubeIDE_1.19.0/STM32CubeIDE/plugins/com.st.stm32cube.ide.mcu.externaltools.gnu-tools-for-stm32.13.3.rel1.win32_1.0.0.202411081344/tools/bin/../lib/gcc/arm-none-eabi/13.3.1/../../../../arm-none-eabi/lib/thumb/v7e-m+fp/hard\libc_nano.a(libc_a-mlock.o)
                              C:/ST/STM32CubeIDE_1.19.0/STM32CubeIDE/plugins/com.st.stm32cube.ide.mcu.externaltools.gnu-tools-for-stm32.13.3.rel1.win32_1.0.0.202411081344/tools/bin/../lib/gcc/arm-none-eabi/13.3.1/../../../../arm-none-eabi/lib/thumb/v7e-m+fp/hard\libc_nano.a(libc_a-mallocr.o) (__malloc_lock)
C:/ST/STM32CubeIDE_1.19.0/STM32CubeIDE/plugins/com.st.stm32cube.ide.mcu.externaltools.gnu-tools-for-stm32.13.3.rel1.win32_1.0.0.202411081344/tools/bin/../lib/gcc/arm-none-eabi/13.3.1/../../../../arm-none-eabi/lib/thumb/v7e-m+fp/hard\libc_nano.a(libc_a-findfp.o)
                              C:/ST/STM32CubeIDE_1.19.0/STM32CubeIDE/plugins/com.st.stm32cube.ide.mcu.externaltools.gnu-tools-for-stm32.13.3.rel1.win32_1.0.0.202411081344/tools/bin/../lib/gcc/arm-none-eabi/13.3.1/../../../../arm-none-eabi/lib/thumb/v7e-m+fp/hard\libc_nano.a(libc_a-exit.o) (__stdio_exit_handler)
C:/ST/STM32CubeIDE_1.19.0/STM32CubeIDE/plugins/com.st.stm32cube.ide.mcu.externaltools.gnu-tools-for-stm32.13.3.rel1.win32_1.0.0.202411081344/tools/bin/../lib/gcc/arm-none-eabi/13.3.1/../../../../arm-none-eabi/lib/thumb/v7e-m+fp/hard\libc_nano.a(libc_a-fwalk.o)
                              C:/ST/STM32CubeIDE_1.19.0/STM32CubeIDE/plugins/com.st.stm32cube.ide.mcu.externaltools.gnu-tools-for-stm32.13.3.rel1.win32_1.0.0.202411081344/tools/bin/../lib/gcc/arm-none-eabi/13.3.1/../../../../arm-none-eabi/lib/thumb/v7e-m+fp/hard\libc_nano.a(libc_a-findfp.o) (_fwalk_sglue)
C:/ST/STM32CubeIDE_1.19.0/STM32CubeIDE/plugins/com.st.stm32cube.ide.mcu.externaltools.gnu-tools-for-stm32.13.3.rel1.win32_1.0.0.202411081344/tools/bin/../lib/gcc/arm-none-eabi/13.3.1/../../../../arm-none-eabi/lib/thumb/v7e-m+fp/hard\libc_nano.a(libc_a-stdio.o)
                              C:/ST/STM32CubeIDE_1.19.0/STM32CubeIDE/plugins/com.st.stm32cube.ide.mcu.externaltools.gnu-tools-for-stm32.13.3.rel1.win32_1.0.0.202411081344/tools/bin/../lib/gcc/arm-none-eabi/13.3.1/../../../../arm-none-eabi/lib/thumb/v7e-m+fp/hard\libc_nano.a(libc_a-findfp.o) (__sread)
C:/ST/STM32CubeIDE_1.19.0/STM32CubeIDE/plugins/com.st.stm32cube.ide.mcu.externaltools.gnu-tools-for-stm32.13.3.rel1.win32_1.0.0.202411081344/tools/bin/../lib/gcc/arm-none-eabi/13.3.1/../../../../arm-none-eabi/lib/thumb/v7e-m+fp/hard\libc_nano.a(libc_a-memset.o)
                              C:/ST/STM32CubeIDE_1.19.0/STM32CubeIDE/plugins/com.st.stm32cube.ide.mcu.externaltools.gnu-tools-for-stm32.13.3.rel1.win32_1.0.0.202411081344/tools/bin/../lib/gcc/arm-none-eabi/13.3.1/../../../../arm-none-eabi/lib/thumb/v7e-m+fp/hard/crt0.o (memset)
C:/ST/STM32CubeIDE_1.19.0/STM32CubeIDE/plugins/com.st.stm32cube.ide.mcu.externaltools.gnu-tools-for-stm32.13.3.rel1.win32_1.0.0.202411081344/tools/bin/../lib/gcc/arm-none-eabi/13.3.1/../../../../arm-none-eabi/lib/thumb/v7e-m+fp/hard\libc_nano.a(libc_a-strncmp.o)
                              ./Core/Src/cmd_manager.o (strncmp)
C:/ST/STM32CubeIDE_1.19.0/STM32CubeIDE/plugins/com.st.stm32cube.ide.mcu.externaltools.gnu-tools-for-stm32.13.3.rel1.win32_1.0.0.202411081344/tools/bin/../lib/gcc/arm-none-eabi/13.3.1/../../../../arm-none-eabi/lib/thumb/v7e-m+fp/hard\libc_nano.a(libc_a-closer.o)
[...]
Memory Configuration

Name             Origin             Length             Attributes
CCMRAM           0x10000000         0x00010000         xrw
RAM              0x20000000         0x00020000         xrw
FLASH            0x08000000         0x00100000         xr
*default*        0x00000000         0xffffffff

Linker script and memory map

LOAD C:/ST/STM32CubeIDE_1.19.0/STM32CubeIDE/plugins/com.st.stm32cube.ide.mcu.externaltools.gnu-tools-for-stm32.13.3.rel1.win32_1.0.0.202411081344/tools/bin/../lib/gcc/arm-none-eabi/13.3.1/thumb/v7e-m+fp/hard/crti.o
LOAD C:/ST/STM32CubeIDE_1.19.0/STM32CubeIDE/plugins/com.st.stm32cube.ide.mcu.externaltools.gnu-tools-for-stm32.13.3.rel1.win32_1.0.0.202411081344/tools/bin/../lib/gcc/arm-none-eabi/13.3.1/thumb/v7e-m+fp/hard/crtbegin.o
LOAD C:/ST/STM32CubeIDE_1.19.0/STM32CubeIDE/plugins/com.st.stm32cube.ide.mcu.externaltools.gnu-tools-for-stm32.13.3.rel1.win32_1.0.0.202411081344/tools/bin/../lib/gcc/arm-none-eabi/13.3.1/../../../../arm-none-eabi/lib/thumb/v7e-m+fp/hard/crt0.o
LOAD ./Core/Src/cmd_manager.o
LOAD ./Core/Src/gpio.o
LOAD ./Core/Src/main.o
LOAD ./Core/Src/stm32f4xx_hal_msp.o
LOAD ./Core/Src/stm32f4xx_it.o
LOAD ./Core/Src/syscalls.o
LOAD ./Core/Src/sysmem.o
LOAD ./Core/Src/system_stm32f4xx.o
LOAD ./Core/Src/tim.o
LOAD ./Core/Src/uart.o
LOAD ./Core/Startup/startup_stm32f407vgtx.o
LOAD ./Drivers/STM32F4xx_HAL_Driver/Src/stm32f4xx_hal.o
LOAD ./Drivers/STM32F4xx_HAL_Driver/Src/stm32f4xx_hal_cortex.o
LOAD ./Drivers/STM32F4xx_HAL_Driver/Src/stm32f4xx_hal_dma.o
LOAD ./Drivers/STM32F4xx_HAL_Driver/Src/stm32f4xx_hal_dma_ex.o
LOAD ./Drivers/STM32F4xx_HAL_Driver/Src/stm32f4xx_hal_exti.o
LOAD ./Drivers/STM32F4xx_HAL_Driver/Src/stm32f4xx_hal_flash.o
LOAD ./Drivers/STM32F4xx_HAL_Driver/Src/stm32f4xx_hal_flash_ex.o
LOAD ./Drivers/STM32F4xx_HAL_Driver/Src/stm32f4xx_hal_flash_ramfunc.o
LOAD ./Drivers/STM32F4xx_HAL_Driver/Src/stm32f4xx_hal_gpio.o
LOAD ./Drivers/STM32F4xx_HAL_Driver/Src/stm32f4xx_hal_hcd.o
LOAD ./Drivers/STM32F4xx_HAL_Driver/Src/stm32f4xx_hal_i2c.o
LOAD ./Drivers/STM32F4xx_HAL_Driver/Src/stm32f4xx_hal_i2c_ex.o
LOAD ./Drivers/STM32F4xx_HAL_Driver/Src/stm32f4xx_hal_i2s.o
LOAD ./Drivers/STM32F4xx_HAL_Driver/Src/stm32f4xx_hal_i2s_ex.o
LOAD ./Drivers/STM32F4xx_HAL_Driver/Src/stm32f4xx_hal_pwr.o
LOAD ./Drivers/STM32F4xx_HAL_Driver/Src/stm32f4xx_hal_pwr_ex.o
LOAD ./Drivers/STM32F4xx_HAL_Driver/Src/stm32f4xx_hal_rcc.o
LOAD ./Drivers/STM32F4xx_HAL_Driver/Src/stm32f4xx_hal_rcc_ex.o
LOAD ./Drivers/STM32F4xx_HAL_Driver/Src/stm32f4xx_hal_spi.o
LOAD ./Drivers/STM32F4xx_HAL_Driver/Src/stm32f4xx_hal_tim.o
LOAD ./Drivers/STM32F4xx_HAL_Driver/Src/stm32f4xx_hal_tim_ex.o
LOAD ./Drivers/STM32F4xx_HAL_Driver/Src/stm32f4xx_hal_uart.o
LOAD ./Drivers/STM32F4xx_HAL_Driver/Src/stm32f4xx_ll_usb.o
LOAD ./Middlewares/ST/STM32_USB_Host_Library/Class/CDC/Src/usbh_cdc.o
LOAD ./Middlewares/ST/STM32_USB_Host_Library/Core/Src/usbh_core.o
LOAD ./Middlewares/ST/STM32_USB_Host_Library/Core/Src/usbh_ctlreq.o
LOAD ./Middlewares/ST/STM32_USB_Host_Library/Core/Src/usbh_ioreq.o
LOAD ./Middlewares/ST/STM32_USB_Host_Library/Core/Src/usbh_pipes.o
LOAD ./USB_HOST/App/usb_host.o
LOAD ./USB_HOST/Target/usbh_conf.o
LOAD ./USB_HOST/Target/usbh_platform.o
START GROUP
LOAD C:/ST/STM32CubeIDE_1.19.0/STM32CubeIDE/plugins/com.st.stm32cube.ide.mcu.externaltools.gnu-tools-for-stm32.13.3.rel1.win32_1.0.0.202411081344/tools/bin/../lib/gcc/arm-none-eabi/13.3.1/../../../../arm-none-eabi/lib/thumb/v7e-m+fp/hard\libc_nano.a
LOAD C:/ST/STM32CubeIDE_1.19.0/STM32CubeIDE/plugins/com.st.stm32cube.ide.mcu.externaltools.gnu-tools-for-stm32.13.3.rel1.win32_1.0.0.202411081344/tools/bin/../lib/gcc/arm-none-eabi/13.3.1/../../../../arm-none-eabi/lib/thumb/v7e-m+fp/hard\libm.a
END GROUP
START GROUP
LOAD C:/ST/STM32CubeIDE_1.19.0/STM32CubeIDE/plugins/com.st.stm32cube.ide.mcu.externaltools.gnu-tools-for-stm32.13.3.rel1.win32_1.0.0.202411081344/tools/bin/../lib/gcc/arm-none-eabi/13.3.1/thumb/v7e-m+fp/hard\libgcc.a
LOAD C:/ST/STM32CubeIDE_1.19.0/STM32CubeIDE/plugins/com.st.stm32cube.ide.mcu.externaltools.gnu-tools-for-stm32.13.3.rel1.win32_1.0.0.202411081344/tools/bin/../lib/gcc/arm-none-eabi/13.3.1/../../../../arm-none-eabi/lib/thumb/v7e-m+fp/hard\libc_nano.a
END GROUP
START GROUP
LOAD C:/ST/STM32CubeIDE_1.19.0/STM32CubeIDE/plugins/com.st.stm32cube.ide.mcu.externaltools.gnu-tools-for-stm32.13.3.rel1.win32_1.0.0.202411081344/tools/bin/../lib/gcc/arm-none-eabi/13.3.1/thumb/v7e-m+fp/hard\libgcc.a
LOAD C:/ST/STM32CubeIDE_1.19.0/STM32CubeIDE/plugins/com.st.stm32cube.ide.mcu.externaltools.gnu-tools-for-stm32.13.3.rel1.win32_1.0.0.202411081344/tools/bin/../lib/gcc/arm-none-eabi/13.3.1/../../../../arm-none-eabi/lib/thumb/v7e-m+fp/hard\libc_nano.a
LOAD C:/ST/STM32CubeIDE_1.19.0/STM32CubeIDE/plugins/com.st.stm32cube.ide.mcu.externaltools.gnu-tools-for-stm32.13.3.rel1.win32_1.0.0.202411081344/tools/bin/../lib/gcc/arm-none-eabi/13.3.1/../../../../arm-none-eabi/lib/thumb/v7e-m+fp/hard\libnosys.a
END GROUP
START GROUP
LOAD C:/ST/STM32CubeIDE_1.19.0/STM32CubeIDE/plugins/com.st.stm32cube.ide.mcu.externaltools.gnu-tools-for-stm32.13.3.rel1.win32_1.0.0.202411081344/tools/bin/../lib/gcc/arm-none-eabi/13.3.1/thumb/v7e-m+fp/hard\libgcc.a
LOAD C:/ST/STM32CubeIDE_1.19.0/STM32CubeIDE/plugins/com.st.stm32cube.ide.mcu.externaltools.gnu-tools-for-stm32.13.3.rel1.win32_1.0.0.202411081344/tools/bin/../lib/gcc/arm-none-eabi/13.3.1/../../../../arm-none-eabi/lib/thumb/v7e-m+fp/hard\libc_nano.a
LOAD C:/ST/STM32CubeIDE_1.19.0/STM32CubeIDE/plugins/com.st.stm32cube.ide.mcu.externaltools.gnu-tools-for-stm32.13.3.rel1.win32_1.0.0.202411081344/tools/bin/../lib/gcc/arm-none-eabi/13.3.1/../../../../arm-none-eabi/lib/thumb/v7e-m+fp/hard\libnosys.a
END GROUP
LOAD C:/ST/STM32CubeIDE_1.19.0/STM32CubeIDE/plugins/com.st.stm32cube.ide.mcu.externaltools.gnu-tools-for-stm32.13.3.rel1.win32_1.0.0.202411081344/tools/bin/../lib/gcc/arm-none-eabi/13.3.1/thumb/v7e-m+fp/hard/crtend.o
LOAD C:/ST/STM32CubeIDE_1.19.0/STM32CubeIDE/plugins/com.st.stm32cube.ide.mcu.externaltools.gnu-tools-for-stm32.13.3.rel1.win32_1.0.0.202411081344/tools/bin/../lib/gcc/arm-none-eabi/13.3.1/thumb/v7e-m+fp/hard/crtn.o
                0x20020000                        _estack = (ORIGIN (RAM) + LENGTH (RAM))
                0x00000200                        _Min_Heap_Size = 0x200
                0x00000400                        _Min_Stack_Size = 0x400

.isr_vector     0x08000000      0x188
                0x08000000                        . = ALIGN (0x4)
 *(.isr_vector)
 .isr_vector    0x08000000      0x188 ./Core/Startup/startup_stm32f407vgtx.o
                0x08000000                g_pfnVectors
                0x08000188                        . = ALIGN (0x4)

.text           0x08000188     0x5c2c
                0x08000188                        . = ALIGN (0x4)
 *(.text)
 .text          0x08000188       0x40 C:/ST/STM32CubeIDE_1.19.0/STM32CubeIDE/plugins/com.st.stm32cube.ide.mcu.externaltools.gnu-tools-for-stm32.13.3.rel1.win32_1.0.0.202411081344/tools/bin/../lib/gcc/arm-none-eabi/13.3.1/thumb/v7e-m+fp/hard/crtbegin.o
 .text          0x080001c8       0x10 C:/ST/STM32CubeIDE_1.19.0/STM32CubeIDE/plugins/com.st.stm32cube.ide.mcu.externaltools.gnu-tools-for-stm32.13.3.rel1.win32_1.0.0.202411081344/tools/bin/../lib/gcc/arm-none-eabi/13.3.1/../../../../arm-none-eabi/lib/thumb/v7e-m+fp/hard\libc_nano.a(libc_a-strlen.o)
                0x080001c8                strlen
 .text          0x080001d8       0x30 C:/ST/STM32CubeIDE_1.19.0/STM32CubeIDE/plugins/com.st.stm32cube.ide.mcu.externaltools.gnu-tools-for-stm32.13.3.rel1.win32_1.0.0.202411081344/tools/bin/../lib/gcc/arm-none-eabi/13.3.1/thumb/v7e-m+fp/hard\libgcc.a(_aeabi_uldivmod.o)
                0x080001d8                __aeabi_uldivmod
 .text          0x08000208      0x2f8 C:/ST/STM32CubeIDE_1.19.0/STM32CubeIDE/plugins/com.st.stm32cube.ide.mcu.externaltools.gnu-tools-for-stm32.13.3.rel1.win32_1.0.0.202411081344/tools/bin/../lib/gcc/arm-none-eabi/13.3.1/thumb/v7e-m+fp/hard\libgcc.a(_udivmoddi4.o)
                0x08000208                __udivmoddi4
 .text          0x08000500        0x4 C:/ST/STM32CubeIDE_1.19.0/STM32CubeIDE/plugins/com.st.stm32cube.ide.mcu.externaltools.gnu-tools-for-stm32.13.3.rel1.win32_1.0.0.202411081344/tools/bin/../lib/gcc/arm-none-eabi/13.3.1/thumb/v7e-m+fp/hard\libgcc.a(_dvmd_tls.o)
                0x08000500                __aeabi_idiv0
                0x08000500                __aeabi_ldiv0
 *(.text*)
 .text.CMD_Init
                0x08000504       0x20 ./Core/Src/cmd_manager.o
                0x08000504                CMD_Init
 .text.CMD_Process
                0x08000524      0x150 ./Core/Src/cmd_manager.o
                0x08000524                CMD_Process
 .text.DI_Button_GetState
                0x08000674       0x30 ./Core/Src/gpio.o
                0x08000674                DI_Button_GetState
 .text.DIO_Button_Poll
                0x080006a4      0x538 ./Core/Src/gpio.o
                0x080006a4                DIO_Button_Poll
 .text.DIO_GPIO_CLK_ENABLE
                0x08000bdc      0x1ac ./Core/Src/gpio.o
                0x08000bdc                DIO_GPIO_CLK_ENABLE
 .text.DIO_Init
                0x08000d88      0x190 ./Core/Src/gpio.o
                0x08000d88                DIO_Init
 .text.DI_Read  0x08000f18       0x5c ./Core/Src/gpio.o
                0x08000f18                DI_Read
 .text.DO_Write
                0x08000f74       0x54 ./Core/Src/gpio.o
                0x08000f74                DO_Write
 .text.MX_GPIO_Init
                0x08000fc8        0xc ./Core/Src/gpio.o
                0x08000fc8                MX_GPIO_Init
 .text.main     0x08000fd4       0xec ./Core/Src/main.o
                0x08000fd4                main
 .text.SystemClock_Config
                0x080010c0       0xd4 ./Core/Src/main.o
                0x080010c0                SystemClock_Config
 .text.Error_Handler
                0x08001194        0xc ./Core/Src/main.o
                0x08001194                Error_Handler
 .text.HAL_MspInit
                0x080011a0       0x50 ./Core/Src/stm32f4xx_hal_msp.o
                0x080011a0                HAL_MspInit
 .text.NMI_Handler
                0x080011f0        0x8 ./Core/Src/stm32f4xx_it.o
                0x080011f0                NMI_Handler
 .text.HardFault_Handler
                0x080011f8        0x8 ./Core/Src/stm32f4xx_it.o
                0x080011f8                HardFault_Handler
 .text.MemManage_Handler
                0x08001200        0x8 ./Core/Src/stm32f4xx_it.o
                0x08001200                MemManage_Handler
 .text.BusFault_Handler
                0x08001208        0x8 ./Core/Src/stm32f4xx_it.o
                0x08001208                BusFault_Handler
 .text.UsageFault_Handler
                0x08001210        0x8 ./Core/Src/stm32f4xx_it.o
                0x08001210                UsageFault_Handler
 .text.SVC_Handler
                0x08001218        0xe ./Core/Src/stm32f4xx_it.o
                0x08001218                SVC_Handler
 .text.DebugMon_Handler
                0x08001226        0xe ./Core/Src/stm32f4xx_it.o
                0x08001226                DebugMon_Handler
 .text.PendSV_Handler
                0x08001234        0xe ./Core/Src/stm32f4xx_it.o
                0x08001234                PendSV_Handler
 .text.SysTick_Handler
                0x08001242        0xc ./Core/Src/stm32f4xx_it.o
                0x08001242                SysTick_Handler
 *fill*         0x0800124e        0x2 
 .text.OTG_FS_IRQHandler
                0x08001250       0x14 ./Core/Src/stm32f4xx_it.o
                0x08001250                OTG_FS_IRQHandler
 .text.SystemInit
                0x08001264       0x24 ./Core/Src/system_stm32f4xx.o
                0x08001264                SystemInit
 .text.MX_TIM2_Init
                0x08001288       0xa0 ./Core/Src/tim.o
                0x08001288                MX_TIM2_Init
 .text.HAL_TIM_Base_MspInit
                0x08001328       0x4c ./Core/Src/tim.o
                0x08001328                HAL_TIM_Base_MspInit
 .text.TMR_Now  0x08001374       0x4c ./Core/Src/tim.o
                0x08001374                TMR_Now
 .text.TMR_Set  0x080013c0       0x26 ./Core/Src/tim.o
                0x080013c0                TMR_Set
 .text.TMR_Expired
                0x080013e6       0x28 ./Core/Src/tim.o
                0x080013e6                TMR_Expired
 .text.TMR_Elapsed
                0x0800140e       0x44 ./Core/Src/tim.o
                0x0800140e                TMR_Elapsed
 *fill*         0x08001452        0x2 
 .text.TIM2_IRQHandler
                0x08001454       0x20 ./Core/Src/tim.o
                0x08001454                TIM2_IRQHandler
 .text.UART_Init
                0x08001474      0x104 ./Core/Src/uart.o
                0x08001474                UART_Init
 .text.UART_Send
                0x08001578       0x4c ./Core/Src/uart.o
                0x08001578                UART_Send
 .text.UART_Receive_timeout
                0x080015c4       0x50 ./Core/Src/uart.o
                0x080015c4                UART_Receive_timeout
 .text.MX_USART2_UART_Init
                0x08001614       0x1c ./Core/Src/uart.o
                0x08001614                MX_USART2_UART_Init
 .text.HAL_UART_MspInit
                0x08001630       0x90 ./Core/Src/uart.o
                0x08001630                HAL_UART_MspInit
 .text.Reset_Handler
                0x080016c0       0x50 ./Core/Startup/startup_stm32f407vgtx.o
                0x080016c0                Reset_Handler
 .text.Default_Handler
                0x08001710        0x2 ./Core/Startup/startup_stm32f407vgtx.o
                0x08001710                RTC_Alarm_IRQHandler
                0x08001710                HASH_RNG_IRQHandler
                0x08001710                EXTI2_IRQHandler
                0x08001710                TIM8_CC_IRQHandler
                0x08001710                TIM1_CC_IRQHandler
                0x08001710                DMA2_Stream5_IRQHandler
                0x08001710                DMA1_Stream5_IRQHandler
                0x08001710                PVD_IRQHandler
                0x08001710                SDIO_IRQHandler
                0x08001710                TAMP_STAMP_IRQHandler
                0x08001710                CAN2_RX1_IRQHandler
                0x08001710                EXTI3_IRQHandler
                0x08001710                TIM8_TRG_COM_TIM14_IRQHandler
                0x08001710                TIM1_UP_TIM10_IRQHandler
                0x08001710                TIM8_UP_TIM13_IRQHandler
                0x08001710                I2C3_ER_IRQHandler
                0x08001710                EXTI0_IRQHandler
                0x08001710                I2C2_EV_IRQHandler
                0x08001710                DMA1_Stream2_IRQHandler
                0x08001710                CAN1_RX0_IRQHandler
                0x08001710                FPU_IRQHandler
                0x08001710                OTG_HS_WKUP_IRQHandler
                0x08001710                CAN2_SCE_IRQHandler
                0x08001710                DMA2_Stream2_IRQHandler
                0x08001710                SPI1_IRQHandler
                0x08001710                TIM6_DAC_IRQHandler
                0x08001710                TIM1_BRK_TIM9_IRQHandler
                0x08001710                DCMI_IRQHandler
                0x08001710                CAN2_RX0_IRQHandler
                0x08001710                DMA2_Stream3_IRQHandler
                0x08001710                USART6_IRQHandler
                0x08001710                USART3_IRQHandler
                0x08001710                CAN1_RX1_IRQHandler
                0x08001710                UART5_IRQHandler
                0x08001710                DMA2_Stream0_IRQHandler
                0x08001710                TIM4_IRQHandler
                0x08001710                I2C1_EV_IRQHandler
                0x08001710                DMA1_Stream6_IRQHandler
                0x08001710                DMA1_Stream1_IRQHandler
                0x08001710                UART4_IRQHandler
                0x08001710                TIM3_IRQHandler
                0x08001710                RCC_IRQHandler
                0x08001710                TIM8_BRK_TIM12_IRQHandler
                0x08001710                Default_Handler
                0x08001710                EXTI15_10_IRQHandler
                0x08001710                ADC_IRQHandler
                0x08001710                DMA1_Stream7_IRQHandler
                0x08001710                TIM7_IRQHandler
                0x08001710                CAN2_TX_IRQHandler
                0x08001710                TIM5_IRQHandler
                0x08001710                DMA2_Stream7_IRQHandler
                0x08001710                I2C3_EV_IRQHandler
                0x08001710                EXTI9_5_IRQHandler
                0x08001710                RTC_WKUP_IRQHandler
                0x08001710                ETH_WKUP_IRQHandler
                0x08001710                SPI2_IRQHandler
                0x08001710                OTG_HS_EP1_IN_IRQHandler
                0x08001710                DMA1_Stream0_IRQHandler
                0x08001710                CAN1_TX_IRQHandler
                0x08001710                EXTI4_IRQHandler
                0x08001710                FSMC_IRQHandler
                0x08001710                ETH_IRQHandler
                0x08001710                OTG_HS_EP1_OUT_IRQHandler
                0x08001710                WWDG_IRQHandler
                0x08001710                OTG_FS_WKUP_IRQHandler
                0x08001710                TIM1_TRG_COM_TIM11_IRQHandler
                0x08001710                OTG_HS_IRQHandler
                0x08001710                EXTI1_IRQHandler
                0x08001710                USART2_IRQHandler
                0x08001710                I2C2_ER_IRQHandler
                0x08001710                DMA2_Stream1_IRQHandler
                0x08001710                CAN1_SCE_IRQHandler
                0x08001710                FLASH_IRQHandler
                0x08001710                DMA2_Stream4_IRQHandler
                0x08001710                USART1_IRQHandler
                0x08001710                SPI3_IRQHandler
                0x08001710                DMA1_Stream4_IRQHandler
                0x08001710                I2C1_ER_IRQHandler
                0x08001710                DMA2_Stream6_IRQHandler
                0x08001710                DMA1_Stream3_IRQHandler
 *fill*         0x08001712        0x2 
 .text.HAL_Init
                0x08001714       0x44 ./Drivers/STM32F4xx_HAL_Driver/Src/stm32f4xx_hal.o
                0x08001714                HAL_Init
 .text.HAL_InitTick
                0x08001758       0x60 ./Drivers/STM32F4xx_HAL_Driver/Src/stm32f4xx_hal.o
                0x08001758                HAL_InitTick
 .text.HAL_IncTick
                0x080017b8       0x28 ./Drivers/STM32F4xx_HAL_Driver/Src/stm32f4xx_hal.o
                0x080017b8                HAL_IncTick
 .text.HAL_GetTick
                0x080017e0       0x18 ./Drivers/STM32F4xx_HAL_Driver/Src/stm32f4xx_hal.o
                0x080017e0                HAL_GetTick
 .text.__NVIC_SetPriorityGrouping
                0x080017f8       0x48 ./Drivers/STM32F4xx_HAL_Driver/Src/stm32f4xx_hal_cortex.o
 .text.__NVIC_GetPriorityGrouping
                0x08001840       0x1c ./Drivers/STM32F4xx_HAL_Driver/Src/stm32f4xx_hal_cortex.o
 .text.__NVIC_EnableIRQ
                0x0800185c       0x3c ./Drivers/STM32F4xx_HAL_Driver/Src/stm32f4xx_hal_cortex.o
 .text.__NVIC_SetPriority
                0x08001898       0x54 ./Drivers/STM32F4xx_HAL_Driver/Src/stm32f4xx_hal_cortex.o
 .text.NVIC_EncodePriority
                0x080018ec       0x66 ./Drivers/STM32F4xx_HAL_Driver/Src/stm32f4xx_hal_cortex.o
 *fill*         0x08001952        0x2 
 .text.SysTick_Config
                0x08001954       0x44 ./Drivers/STM32F4xx_HAL_Driver/Src/stm32f4xx_hal_cortex.o
 .text.HAL_NVIC_SetPriorityGrouping
                0x08001998       0x16 ./Drivers/STM32F4xx_HAL_Driver/Src/stm32f4xx_hal_cortex.o
                0x08001998                HAL_NVIC_SetPriorityGrouping
 .text.HAL_NVIC_SetPriority
                0x080019ae       0x38 ./Drivers/STM32F4xx_HAL_Driver/Src/stm32f4xx_hal_cortex.o
                0x080019ae                HAL_NVIC_SetPriority
 .text.HAL_NVIC_EnableIRQ
                0x080019e6       0x1c ./Drivers/STM32F4xx_HAL_Driver/Src/stm32f4xx_hal_cortex.o
                0x080019e6                HAL_NVIC_EnableIRQ
 .text.HAL_SYSTICK_Config
                0x08001a02       0x18 ./Drivers/STM32F4xx_HAL_Driver/Src/stm32f4xx_hal_cortex.o
                0x08001a02                HAL_SYSTICK_Config
 *fill*         0x08001a1a        0x2 
 .text.HAL_GPIO_Init
                0x08001a1c      0x338 ./Drivers/STM32F4xx_HAL_Driver/Src/stm32f4xx_hal_gpio.o
                0x08001a1c                HAL_GPIO_Init
 .text.HAL_GPIO_ReadPin
                0x08001d54       0x30 ./Drivers/STM32F4xx_HAL_Driver/Src/stm32f4xx_hal_gpio.o
                0x08001d54                HAL_GPIO_ReadPin
 .text.HAL_GPIO_WritePin
                0x08001d84       0x32 ./Drivers/STM32F4xx_HAL_Driver/Src/stm32f4xx_hal_gpio.o
                0x08001d84                HAL_GPIO_WritePin
 .text.HAL_HCD_IRQHandler
                0x08001db6      0x220 ./Drivers/STM32F4xx_HAL_Driver/Src/stm32f4xx_hal_hcd.o
                0x08001db6                HAL_HCD_IRQHandler
 .text.HAL_HCD_Stop
                0x08001fd6       0x3a ./Drivers/STM32F4xx_HAL_Driver/Src/stm32f4xx_hal_hcd.o
                0x08001fd6                HAL_HCD_Stop
 .text.HCD_HC_IN_IRQHandler
                0x08002010      0xcd2 ./Drivers/STM32F4xx_HAL_Driver/Src/stm32f4xx_hal_hcd.o
 .text.HCD_HC_OUT_IRQHandler
                0x08002ce2      0x97e ./Drivers/STM32F4xx_HAL_Driver/Src/stm32f4xx_hal_hcd.o
 .text.HCD_RXQLVL_IRQHandler
                0x08003660      0x1be ./Drivers/STM32F4xx_HAL_Driver/Src/stm32f4xx_hal_hcd.o
 .text.HCD_Port_IRQHandler
                0x0800381e       0xe6 ./Drivers/STM32F4xx_HAL_Driver/Src/stm32f4xx_hal_hcd.o
 .text.HAL_RCC_OscConfig
                0x08003904      0x4f0 ./Drivers/STM32F4xx_HAL_Driver/Src/stm32f4xx_hal_rcc.o
                0x08003904                HAL_RCC_OscConfig
 .text.HAL_RCC_ClockConfig
                0x08003df4      0x1cc ./Drivers/STM32F4xx_HAL_Driver/Src/stm32f4xx_hal_rcc.o
                0x08003df4                HAL_RCC_ClockConfig
 .text.HAL_RCC_GetSysClockFreq
                0x08003fc0      0x20c ./Drivers/STM32F4xx_HAL_Driver/Src/stm32f4xx_hal_rcc.o
                0x08003fc0                HAL_RCC_GetSysClockFreq
 .text.HAL_RCC_GetHCLKFreq
                0x080041cc       0x18 ./Drivers/STM32F4xx_HAL_Driver/Src/stm32f4xx_hal_rcc.o
                0x080041cc                HAL_RCC_GetHCLKFreq
 .text.HAL_RCC_GetPCLK1Freq
                0x080041e4       0x28 ./Drivers/STM32F4xx_HAL_Driver/Src/stm32f4xx_hal_rcc.o
                0x080041e4                HAL_RCC_GetPCLK1Freq
 .text.HAL_RCC_GetPCLK2Freq
                0x0800420c       0x28 ./Drivers/STM32F4xx_HAL_Driver/Src/stm32f4xx_hal_rcc.o
                0x0800420c                HAL_RCC_GetPCLK2Freq
 .text.HAL_TIM_Base_Init
                0x08004234       0x9e ./Drivers/STM32F4xx_HAL_Driver/Src/stm32f4xx_hal_tim.o
                0x08004234                HAL_TIM_Base_Init
 *fill*         0x080042d2        0x2 
 .text.HAL_TIM_Base_Start_IT
                0x080042d4       0xe0 ./Drivers/STM32F4xx_HAL_Driver/Src/stm32f4xx_hal_tim.o
                0x080042d4                HAL_TIM_Base_Start_IT
 .text.HAL_TIM_IRQHandler
                0x080043b4      0x1e0 ./Drivers/STM32F4xx_HAL_Driver/Src/stm32f4xx_hal_tim.o
                0x080043b4                HAL_TIM_IRQHandler
 .text.HAL_TIM_ConfigClockSource
                0x08004594      0x18e ./Drivers/STM32F4xx_HAL_Driver/Src/stm32f4xx_hal_tim.o
                0x08004594                HAL_TIM_ConfigClockSource
 .text.HAL_TIM_PeriodElapsedCallback
                0x08004722       0x14 ./Drivers/STM32F4xx_HAL_Driver/Src/stm32f4xx_hal_tim.o
                0x08004722                HAL_TIM_PeriodElapsedCallback
 .text.HAL_TIM_OC_DelayElapsedCallback
                0x08004736       0x14 ./Drivers/STM32F4xx_HAL_Driver/Src/stm32f4xx_hal_tim.o
                0x08004736                HAL_TIM_OC_DelayElapsedCallback
 .text.HAL_TIM_IC_CaptureCallback
                0x0800474a       0x14 ./Drivers/STM32F4xx_HAL_Driver/Src/stm32f4xx_hal_tim.o
                0x0800474a                HAL_TIM_IC_CaptureCallback
 .text.HAL_TIM_PWM_PulseFinishedCallback
                0x0800475e       0x14 ./Drivers/STM32F4xx_HAL_Driver/Src/stm32f4xx_hal_tim.o
                0x0800475e                HAL_TIM_PWM_PulseFinishedCallback
 .text.HAL_TIM_TriggerCallback
                0x08004772       0x14 ./Drivers/STM32F4xx_HAL_Driver/Src/stm32f4xx_hal_tim.o
                0x08004772                HAL_TIM_TriggerCallback
 *fill*         0x08004786        0x2 
 .text.TIM_Base_SetConfig
                0x08004788      0x14c ./Drivers/STM32F4xx_HAL_Driver/Src/stm32f4xx_hal_tim.o
                0x08004788                TIM_Base_SetConfig
 .text.TIM_TI1_ConfigInputStage
                0x080048d4       0x5e ./Drivers/STM32F4xx_HAL_Driver/Src/stm32f4xx_hal_tim.o
 .text.TIM_TI2_ConfigInputStage
                0x08004932       0x60 ./Drivers/STM32F4xx_HAL_Driver/Src/stm32f4xx_hal_tim.o
 .text.TIM_ITRx_SetConfig
                0x08004992       0x36 ./Drivers/STM32F4xx_HAL_Driver/Src/stm32f4xx_hal_tim.o
 .text.TIM_ETR_SetConfig
                0x080049c8       0x40 ./Drivers/STM32F4xx_HAL_Driver/Src/stm32f4xx_hal_tim.o
                0x080049c8                TIM_ETR_SetConfig
 .text.HAL_TIMEx_MasterConfigSynchronization
                0x08004a08       0xf8 ./Drivers/STM32F4xx_HAL_Driver/Src/stm32f4xx_hal_tim_ex.o
                0x08004a08                HAL_TIMEx_MasterConfigSynchronization
 .text.HAL_TIMEx_CommutCallback
                0x08004b00       0x14 ./Drivers/STM32F4xx_HAL_Driver/Src/stm32f4xx_hal_tim_ex.o
                0x08004b00                HAL_TIMEx_CommutCallback
 .text.HAL_TIMEx_BreakCallback
                0x08004b14       0x14 ./Drivers/STM32F4xx_HAL_Driver/Src/stm32f4xx_hal_tim_ex.o
                0x08004b14                HAL_TIMEx_BreakCallback
 .text.HAL_UART_Init
                0x08004b28       0xa0 ./Drivers/STM32F4xx_HAL_Driver/Src/stm32f4xx_hal_uart.o
                0x08004b28                HAL_UART_Init
 .text.HAL_UART_Transmit
                0x08004bc8      0x116 ./Drivers/STM32F4xx_HAL_Driver/Src/stm32f4xx_hal_uart.o
                0x08004bc8                HAL_UART_Transmit
 .text.HAL_UART_Receive
                0x08004cde      0x12e ./Drivers/STM32F4xx_HAL_Driver/Src/stm32f4xx_hal_uart.o
                0x08004cde                HAL_UART_Receive
 .text.UART_WaitOnFlagUntilTimeout
                0x08004e0c       0xb2 ./Drivers/STM32F4xx_HAL_Driver/Src/stm32f4xx_hal_uart.o
 .text.UART_EndRxTransfer
                0x08004ebe       0xc6 ./Drivers/STM32F4xx_HAL_Driver/Src/stm32f4xx_hal_uart.o
 .text.UART_SetConfig
                0x08004f84      0x4e8 ./Drivers/STM32F4xx_HAL_Driver/Src/stm32f4xx_hal_uart.o
 .text.USB_EnableGlobalInt
                0x0800546c       0x22 ./Drivers/STM32F4xx_HAL_Driver/Src/stm32f4xx_ll_usb.o
                0x0800546c                USB_EnableGlobalInt
 .text.USB_DisableGlobalInt
                0x0800548e       0x22 ./Drivers/STM32F4xx_HAL_Driver/Src/stm32f4xx_ll_usb.o
                0x0800548e                USB_DisableGlobalInt
 .text.USB_FlushTxFifo
                0x080054b0       0x64 ./Drivers/STM32F4xx_HAL_Driver/Src/stm32f4xx_ll_usb.o
                0x080054b0                USB_FlushTxFifo
 .text.USB_FlushRxFifo
                0x08005514       0x5c ./Drivers/STM32F4xx_HAL_Driver/Src/stm32f4xx_ll_usb.o
                0x08005514                USB_FlushRxFifo
 .text.USB_ReadPacket
                0x08005570       0xb0 ./Drivers/STM32F4xx_HAL_Driver/Src/stm32f4xx_ll_usb.o
                0x08005570                USB_ReadPacket
 .text.USB_ReadInterrupts
                0x08005620       0x26 ./Drivers/STM32F4xx_HAL_Driver/Src/stm32f4xx_ll_usb.o
                0x08005620                USB_ReadInterrupts
 .text.USB_ReadChInterrupts
                0x08005646       0x42 ./Drivers/STM32F4xx_HAL_Driver/Src/stm32f4xx_ll_usb.o
                0x08005646                USB_ReadChInterrupts
 .text.USB_GetMode
                0x08005688       0x1c ./Drivers/STM32F4xx_HAL_Driver/Src/stm32f4xx_ll_usb.o
                0x08005688                USB_GetMode
 .text.USB_InitFSLSPClkSel
                0x080056a4       0x7a ./Drivers/STM32F4xx_HAL_Driver/Src/stm32f4xx_ll_usb.o
                0x080056a4                USB_InitFSLSPClkSel
 .text.USB_HC_ReadInterrupt
                0x0800571e       0x22 ./Drivers/STM32F4xx_HAL_Driver/Src/stm32f4xx_ll_usb.o
                0x0800571e                USB_HC_ReadInterrupt
 .text.USB_HC_Halt
                0x08005740      0x240 ./Drivers/STM32F4xx_HAL_Driver/Src/stm32f4xx_ll_usb.o
                0x08005740                USB_HC_Halt
 .text.USB_StopHost
                0x08005980      0x124 ./Drivers/STM32F4xx_HAL_Driver/Src/stm32f4xx_ll_usb.o
                0x08005980                USB_StopHost
 .text.USBH_LL_IncTimer
                0x08005aa4       0x24 ./Middlewares/ST/STM32_USB_Host_Library/Core/Src/usbh_core.o
                0x08005aa4                USBH_LL_IncTimer
 .text.USBH_HandleSof
                0x08005ac8       0x30 ./Middlewares/ST/STM32_USB_Host_Library/Core/Src/usbh_core.o
 .text.USBH_LL_PortEnabled
                0x08005af8       0x1c ./Middlewares/ST/STM32_USB_Host_Library/Core/Src/usbh_core.o
                0x08005af8                USBH_LL_PortEnabled
 .text.USBH_LL_PortDisabled
                0x08005b14       0x24 ./Middlewares/ST/STM32_USB_Host_Library/Core/Src/usbh_core.o
                0x08005b14                USBH_LL_PortDisabled
 .text.USBH_LL_Connect
                0x08005b38       0x2e ./Middlewares/ST/STM32_USB_Host_Library/Core/Src/usbh_core.o
                0x08005b38                USBH_LL_Connect
 .text.USBH_LL_Disconnect
                0x08005b66       0x48 ./Middlewares/ST/STM32_USB_Host_Library/Core/Src/usbh_core.o
                0x08005b66                USBH_LL_Disconnect
 .text.USBH_FreePipe
                0x08005bae       0x3c ./Middlewares/ST/STM32_USB_Host_Library/Core/Src/usbh_pipes.o
                0x08005bae                USBH_FreePipe
 .text.HAL_HCD_SOF_Callback
                0x08005bea       0x1c ./USB_HOST/Target/usbh_conf.o
                0x08005bea                HAL_HCD_SOF_Callback
 .text.HAL_HCD_Connect_Callback
                0x08005c06       0x1c ./USB_HOST/Target/usbh_conf.o
                0x08005c06                HAL_HCD_Connect_Callback
 .text.HAL_HCD_Disconnect_Callback
                0x08005c22       0x1c ./USB_HOST/Target/usbh_conf.o
                0x08005c22                HAL_HCD_Disconnect_Callback
 .text.HAL_HCD_HC_NotifyURBChange_Callback
                0x08005c3e       0x1c ./USB_HOST/Target/usbh_conf.o
                0x08005c3e                HAL_HCD_HC_NotifyURBChange_Callback
 .text.HAL_HCD_PortEnabled_Callback
                0x08005c5a       0x1c ./USB_HOST/Target/usbh_conf.o
                0x08005c5a                HAL_HCD_PortEnabled_Callback
 .text.HAL_HCD_PortDisabled_Callback
                0x08005c76       0x1c ./USB_HOST/Target/usbh_conf.o
                0x08005c76                HAL_HCD_PortDisabled_Callback
 .text.USBH_LL_Stop
                0x08005c92       0x36 ./USB_HOST/Target/usbh_conf.o
                0x08005c92                USBH_LL_Stop
 .text.USBH_Get_USB_Status
                0x08005cc8       0x58 ./USB_HOST/Target/usbh_conf.o
                0x08005cc8                USBH_Get_USB_Status
 .text.memset   0x08005d20       0x10 C:/ST/STM32CubeIDE_1.19.0/STM32CubeIDE/plugins/com.st.stm32cube.ide.mcu.externaltools.gnu-tools-for-stm32.13.3.rel1.win32_1.0.0.202411081344/tools/bin/../lib/gcc/arm-none-eabi/13.3.1/../../../../arm-none-eabi/lib/thumb/v7e-m+fp/hard\libc_nano.a(libc_a-memset.o)
                0x08005d20                memset
 .text.strncmp  0x08005d30       0x24 C:/ST/STM32CubeIDE_1.19.0/STM32CubeIDE/plugins/com.st.stm32cube.ide.mcu.externaltools.gnu-tools-for-stm32.13.3.rel1.win32_1.0.0.202411081344/tools/bin/../lib/gcc/arm-none-eabi/13.3.1/../../../../arm-none-eabi/lib/thumb/v7e-m+fp/hard\libc_nano.a(libc_a-strncmp.o)
                0x08005d30                strncmp
 .text.__libc_init_array
                0x08005d54       0x48 C:/ST/STM32CubeIDE_1.19.0/STM32CubeIDE/plugins/com.st.stm32cube.ide.mcu.externaltools.gnu-tools-for-stm32.13.3.rel1.win32_1.0.0.202411081344/tools/bin/../lib/gcc/arm-none-eabi/13.3.1/../../../../arm-none-eabi/lib/thumb/v7e-m+fp/hard\libc_nano.a(libc_a-init.o)
                0x08005d54                __libc_init_array
 *(.glue_7)
 .glue_7        0x08005d9c        0x0 linker stubs
 *(.glue_7t)
 .glue_7t       0x08005d9c        0x0 linker stubs
 *(.eh_frame)
 .eh_frame      0x08005d9c        0x0 C:/ST/STM32CubeIDE_1.19.0/STM32CubeIDE/plugins/com.st.stm32cube.ide.mcu.externaltools.gnu-tools-for-stm32.13.3.rel1.win32_1.0.0.202411081344/tools/bin/../lib/gcc/arm-none-eabi/13.3.1/thumb/v7e-m+fp/hard/crtbegin.o
 *(.init)
 .init          0x08005d9c        0x4 C:/ST/STM32CubeIDE_1.19.0/STM32CubeIDE/plugins/com.st.stm32cube.ide.mcu.externaltools.gnu-tools-for-stm32.13.3.rel1.win32_1.0.0.202411081344/tools/bin/../lib/gcc/arm-none-eabi/13.3.1/thumb/v7e-m+fp/hard/crti.o
                0x08005d9c                _init
 .init          0x08005da0        0x8 C:/ST/STM32CubeIDE_1.19.0/STM32CubeIDE/plugins/com.st.stm32cube.ide.mcu.externaltools.gnu-tools-for-stm32.13.3.rel1.win32_1.0.0.202411081344/tools/bin/../lib/gcc/arm-none-eabi/13.3.1/thumb/v7e-m+fp/hard/crtn.o
 *(.fini)
 .fini          0x08005da8        0x4 C:/ST/STM32CubeIDE_1.19.0/STM32CubeIDE/plugins/com.st.stm32cube.ide.mcu.externaltools.gnu-tools-for-stm32.13.3.rel1.win32_1.0.0.202411081344/tools/bin/../lib/gcc/arm-none-eabi/13.3.1/thumb/v7e-m+fp/hard/crti.o
                0x08005da8                _fini
 .fini          0x08005dac        0x8 C:/ST/STM32CubeIDE_1.19.0/STM32CubeIDE/plugins/com.st.stm32cube.ide.mcu.externaltools.gnu-tools-for-stm32.13.3.rel1.win32_1.0.0.202411081344/tools/bin/../lib/gcc/arm-none-eabi/13.3.1/thumb/v7e-m+fp/hard/crtn.o
                0x08005db4                        . = ALIGN (0x4)
                0x08005db4                        _etext = .

.vfp11_veneer   0x08005db4        0x0
 .vfp11_veneer  0x08005db4        0x0 linker stubs

.v4_bx          0x08005db4        0x0
 .v4_bx         0x08005db4        0x0 linker stubs

.iplt           0x08005db4        0x0
 .iplt          0x08005db4        0x0 C:/ST/STM32CubeIDE_1.19.0/STM32CubeIDE/plugins/com.st.stm32cube.ide.mcu.externaltools.gnu-tools-for-stm32.13.3.rel1.win32_1.0.0.202411081344/tools/bin/../lib/gcc/arm-none-eabi/13.3.1/thumb/v7e-m+fp/hard/crtbegin.o

.rodata         0x08005db4       0x7c
                0x08005db4                        . = ALIGN (0x4)
 *(.rodata)
 .rodata        0x08005db4       0x42 ./Core/Src/cmd_manager.o
 *fill*         0x08005df6        0x2 
 .rodata        0x08005df8       0x1e ./Core/Src/main.o
 *(.rodata*)
 *fill*         0x08005e16        0x2 
 .rodata.AHBPrescTable
                0x08005e18       0x10 ./Core/Src/system_stm32f4xx.o
                0x08005e18                AHBPrescTable
 .rodata.APBPrescTable
                0x08005e28        0x8 ./Core/Src/system_stm32f4xx.o
                0x08005e28                APBPrescTable
                0x08005e30                        . = ALIGN (0x4)

.ARM.extab      0x08005e30        0x0
                0x08005e30                        . = ALIGN (0x4)
 *(.ARM.extab* .gnu.linkonce.armextab.*)
                0x08005e30                        . = ALIGN (0x4)

.ARM            0x08005e30        0x8
                0x08005e30                        . = ALIGN (0x4)
                0x08005e30                        __exidx_start = .
 *(.ARM.exidx*)
 .ARM.exidx     0x08005e30        0x8 C:/ST/STM32CubeIDE_1.19.0/STM32CubeIDE/plugins/com.st.stm32cube.ide.mcu.externaltools.gnu-tools-for-stm32.13.3.rel1.win32_1.0.0.202411081344/tools/bin/../lib/gcc/arm-none-eabi/13.3.1/../../../../arm-none-eabi/lib/thumb/v7e-m+fp/hard\libc_nano.a(libc_a-strlen.o)
 .ARM.exidx     0x08005e38        0x0 C:/ST/STM32CubeIDE_1.19.0/STM32CubeIDE/plugins/com.st.stm32cube.ide.mcu.externaltools.gnu-tools-for-stm32.13.3.rel1.win32_1.0.0.202411081344/tools/bin/../lib/gcc/arm-none-eabi/13.3.1/thumb/v7e-m+fp/hard\libgcc.a(_udivmoddi4.o)
                                  0x8 (size before relaxing)
                0x08005e38                        __exidx_end = .
                0x08005e38                        . = ALIGN (0x4)

.preinit_array  0x08005e38        0x0
                0x08005e38                        . = ALIGN (0x4)
                0x08005e38                        PROVIDE (__preinit_array_start = .)
 *(.preinit_array*)
                0x08005e38                        PROVIDE (__preinit_array_end = .)
                0x08005e38                        . = ALIGN (0x4)

.init_array     0x08005e38        0x4
                0x08005e38                        . = ALIGN (0x4)
                0x08005e38                        PROVIDE (__init_array_start = .)
 *(SORT_BY_NAME(.init_array.*))
 *(.init_array*)
 .init_array    0x08005e38        0x4 C:/ST/STM32CubeIDE_1.19.0/STM32CubeIDE/plugins/com.st.stm32cube.ide.mcu.externaltools.gnu-tools-for-stm32.13.3.rel1.win32_1.0.0.202411081344/tools/bin/../lib/gcc/arm-none-eabi/13.3.1/thumb/v7e-m+fp/hard/crtbegin.o
                0x08005e3c                        PROVIDE (__init_array_end = .)
                0x08005e3c                        . = ALIGN (0x4)

.fini_array     0x08005e3c        0x4
                0x08005e3c                        . = ALIGN (0x4)
                [!provide]                        PROVIDE (__fini_array_start = .)
 *(SORT_BY_NAME(.fini_array.*))
 *(.fini_array*)
 .fini_array    0x08005e3c        0x4 C:/ST/STM32CubeIDE_1.19.0/STM32CubeIDE/plugins/com.st.stm32cube.ide.mcu.externaltools.gnu-tools-for-stm32.13.3.rel1.win32_1.0.0.202411081344/tools/bin/../lib/gcc/arm-none-eabi/13.3.1/thumb/v7e-m+fp/hard/crtbegin.o
                [!provide]                        PROVIDE (__fini_array_end = .)
                0x08005e40                        . = ALIGN (0x4)
                0x08005e40                        _sidata = LOADADDR (.data)

.rel.dyn        0x08005e40        0x0
 .rel.iplt      0x08005e40        0x0 C:/ST/STM32CubeIDE_1.19.0/STM32CubeIDE/plugins/com.st.stm32cube.ide.mcu.externaltools.gnu-tools-for-stm32.13.3.rel1.win32_1.0.0.202411081344/tools/bin/../lib/gcc/arm-none-eabi/13.3.1/thumb/v7e-m+fp/hard/crtbegin.o

.data           0x20000000      0x2b8 load address 0x08005e40
                0x20000000                        . = ALIGN (0x4)
                0x20000000                        _sdata = .
 *(.data)
 *(.data*)
 .data.sCMDTable
                0x20000000       0x60 ./Core/Src/cmd_manager.o
                0x20000000                sCMDTable
 .data.sDIOTable
                0x20000060      0x1e0 ./Core/Src/gpio.o
 .data.SystemCoreClock
                0x20000240        0x4 ./Core/Src/system_stm32f4xx.o
                0x20000240                SystemCoreClock
 .data.sUARTTable
                0x20000244       0x6c ./Core/Src/uart.o
 .data.uwTickPrio
                0x200002b0        0x4 ./Drivers/STM32F4xx_HAL_Driver/Src/stm32f4xx_hal.o
                0x200002b0                uwTickPrio
 .data.uwTickFreq
                0x200002b4        0x1 ./Drivers/STM32F4xx_HAL_Driver/Src/stm32f4xx_hal.o
                0x200002b4                uwTickFreq
 *(.RamFunc)
 *(.RamFunc*)
                0x200002b8                        . = ALIGN (0x4)
 *fill*         0x200002b5        0x3 
                0x200002b8                        _edata = .
                0x080060f8                        _siccmram = LOADADDR (.ccmram)

.igot.plt       0x200002b8        0x0 load address 0x080060f8
 .igot.plt      0x200002b8        0x0 C:/ST/STM32CubeIDE_1.19.0/STM32CubeIDE/plugins/com.st.stm32cube.ide.mcu.externaltools.gnu-tools-for-stm32.13.3.rel1.win32_1.0.0.202411081344/tools/bin/../lib/gcc/arm-none-eabi/13.3.1/thumb/v7e-m+fp/hard/crtbegin.o

.ccmram         0x10000000        0x0 load address 0x080060f8
                0x10000000                        . = ALIGN (0x4)
                0x10000000                        _sccmram = .
 *(.ccmram)
 *(.ccmram*)
                0x10000000                        . = ALIGN (0x4)
                0x10000000                        _eccmram = .
                0x10000000                        . = ALIGN (0x4)

.bss            0x200002b8      0x45c
                0x200002b8                        _sbss = .
                0x200002b8                        __bss_start__ = _sbss
 *(.bss)
 .bss           0x200002b8       0x1c C:/ST/STM32CubeIDE_1.19.0/STM32CubeIDE/plugins/com.st.stm32cube.ide.mcu.externaltools.gnu-tools-for-stm32.13.3.rel1.win32_1.0.0.202411081344/tools/bin/../lib/gcc/arm-none-eabi/13.3.1/thumb/v7e-m+fp/hard/crtbegin.o
 *(.bss*)
 .bss.sStateMachine
                0x200002d4        0x1 ./Core/Src/cmd_manager.o
 *fill*         0x200002d5        0x3 
 .bss.buffer.0  0x200002d8        0xa ./Core/Src/cmd_manager.o
 *fill*         0x200002e2        0x2 
 .bss.sTimerCounterExtention
                0x200002e4        0x4 ./Core/Src/tim.o
 .bss.htim2     0x200002e8       0x48 ./Core/Src/tim.o
                0x200002e8                htim2
 .bss.uwTick    0x20000330        0x4 ./Drivers/STM32F4xx_HAL_Driver/Src/stm32f4xx_hal.o
                0x20000330                uwTick
 .bss.hhcd_USB_OTG_FS
                0x20000334      0x3e0 ./USB_HOST/Target/usbh_conf.o
                0x20000334                hhcd_USB_OTG_FS
 *(COMMON)
                0x20000714                        . = ALIGN (0x4)
                0x20000714                        _ebss = .
                0x20000714                        __bss_end__ = _ebss

._user_heap_stack
                0x20000714      0x604
                0x20000718                        . = ALIGN (0x8)
 *fill*         0x20000714        0x4 
                [!provide]                        PROVIDE (end = .)
                0x20000718                        PROVIDE (_end = .)
                0x20000918                        . = (. + _Min_Heap_Size)
 *fill*         0x20000718      0x200 
                0x20000d18                        . = (. + _Min_Stack_Size)
 *fill*         0x20000918      0x400 
                0x20000d18                        . = ALIGN (0x8)

/DISCARD/
 libc.a(*)
 libm.a(*)
 libgcc.a(*)

.ARM.attributes
                0x00000000       0x30
 *(.ARM.attributes)
 .ARM.attributes
                0x00000000       0x22 C:/ST/STM32CubeIDE_1.19.0/STM32CubeIDE/plugins/com.st.stm32cube.ide.mcu.externaltools.gnu-tools-for-stm32.13.3.rel1.win32_1.0.0.202411081344/tools/bin/../lib/gcc/arm-none-eabi/13.3.1/thumb/v7e-m+fp/hard/crti.o
 .ARM.attributes
                0x00000022       0x34 C:/ST/STM32CubeIDE_1.19.0/STM32CubeIDE/plugins/com.st.stm32cube.ide.mcu.externaltools.gnu-tools-for-stm32.13.3.rel1.win32_1.0.0.202411081344/tools/bin/../lib/gcc/arm-none-eabi/13.3.1/thumb/v7e-m+fp/hard/crtbegin.o
 .ARM.attributes
                0x00000056       0x34 ./Core/Src/cmd_manager.o
 .ARM.attributes
                0x0000008a       0x34 ./Core/Src/gpio.o
 .ARM.attributes
                0x000000be       0x34 ./Core/Src/main.o
 .ARM.attributes
                0x000000f2       0x34 ./Core/Src/stm32f4xx_hal_msp.o
 .ARM.attributes
                0x00000126       0x34 ./Core/Src/stm32f4xx_it.o
 .ARM.attributes
                0x0000015a       0x34 ./Core/Src/system_stm32f4xx.o
 .ARM.attributes
                0x0000018e       0x34 ./Core/Src/tim.o
 .ARM.attributes
                0x000001c2       0x34 ./Core/Src/uart.o
 .ARM.attributes
                0x000001f6       0x21 ./Core/Startup/startup_stm32f407vgtx.o
 .ARM.attributes
                0x00000217       0x34 ./Drivers/STM32F4xx_HAL_Driver/Src/stm32f4xx_hal.o
 .ARM.attributes
                0x0000024b       0x34 ./Drivers/STM32F4xx_HAL_Driver/Src/stm32f4xx_hal_cortex.o
 .ARM.attributes
                0x0000027f       0x34 ./Drivers/STM32F4xx_HAL_Driver/Src/stm32f4xx_hal_gpio.o
 .ARM.attributes
                0x000002b3       0x34 ./Drivers/STM32F4xx_HAL_Driver/Src/stm32f4xx_hal_hcd.o
 .ARM.attributes
                0x000002e7       0x34 ./Drivers/STM32F4xx_HAL_Driver/Src/stm32f4xx_hal_rcc.o
 .ARM.attributes
                0x0000031b       0x34 ./Drivers/STM32F4xx_HAL_Driver/Src/stm32f4xx_hal_tim.o
 .ARM.attributes
                0x0000034f       0x34 ./Drivers/STM32F4xx_HAL_Driver/Src/stm32f4xx_hal_tim_ex.o
 .ARM.attributes
                0x00000383       0x34 ./Drivers/STM32F4xx_HAL_Driver/Src/stm32f4xx_hal_uart.o
 .ARM.attributes
                0x000003b7       0x34 ./Drivers/STM32F4xx_HAL_Driver/Src/stm32f4xx_ll_usb.o
 .ARM.attributes
                0x000003eb       0x34 ./Middlewares/ST/STM32_USB_Host_Library/Core/Src/usbh_core.o
 .ARM.attributes
                0x0000041f       0x34 ./Middlewares/ST/STM32_USB_Host_Library/Core/Src/usbh_pipes.o
 .ARM.attributes
                0x00000453       0x34 ./USB_HOST/Target/usbh_conf.o
 .ARM.attributes
                0x00000487       0x34 C:/ST/STM32CubeIDE_1.19.0/STM32CubeIDE/plugins/com.st.stm32cube.ide.mcu.externaltools.gnu-tools-for-stm32.13.3.rel1.win32_1.0.0.202411081344/tools/bin/../lib/gcc/arm-none-eabi/13.3.1/../../../../arm-none-eabi/lib/thumb/v7e-m+fp/hard\libc_nano.a(libc_a-memset.o)
 .ARM.attributes
                0x000004bb       0x34 C:/ST/STM32CubeIDE_1.19.0/STM32CubeIDE/plugins/com.st.stm32cube.ide.mcu.externaltools.gnu-tools-for-stm32.13.3.rel1.win32_1.0.0.202411081344/tools/bin/../lib/gcc/arm-none-eabi/13.3.1/../../../../arm-none-eabi/lib/thumb/v7e-m+fp/hard\libc_nano.a(libc_a-strncmp.o)
 .ARM.attributes
                0x000004ef       0x34 C:/ST/STM32CubeIDE_1.19.0/STM32CubeIDE/plugins/com.st.stm32cube.ide.mcu.externaltools.gnu-tools-for-stm32.13.3.rel1.win32_1.0.0.202411081344/tools/bin/../lib/gcc/arm-none-eabi/13.3.1/../../../../arm-none-eabi/lib/thumb/v7e-m+fp/hard\libc_nano.a(libc_a-init.o)
 .ARM.attributes
                0x00000523       0x17 C:/ST/STM32CubeIDE_1.19.0/STM32CubeIDE/plugins/com.st.stm32cube.ide.mcu.externaltools.gnu-tools-for-stm32.13.3.rel1.win32_1.0.0.202411081344/tools/bin/../lib/gcc/arm-none-eabi/13.3.1/../../../../arm-none-eabi/lib/thumb/v7e-m+fp/hard\libc_nano.a(libc_a-strlen.o)
 .ARM.attributes
                0x0000053a       0x22 C:/ST/STM32CubeIDE_1.19.0/STM32CubeIDE/plugins/com.st.stm32cube.ide.mcu.externaltools.gnu-tools-for-stm32.13.3.rel1.win32_1.0.0.202411081344/tools/bin/../lib/gcc/arm-none-eabi/13.3.1/thumb/v7e-m+fp/hard\libgcc.a(_aeabi_uldivmod.o)
 .ARM.attributes
                0x0000055c       0x34 C:/ST/STM32CubeIDE_1.19.0/STM32CubeIDE/plugins/com.st.stm32cube.ide.mcu.externaltools.gnu-tools-for-stm32.13.3.rel1.win32_1.0.0.202411081344/tools/bin/../lib/gcc/arm-none-eabi/13.3.1/thumb/v7e-m+fp/hard\libgcc.a(_udivmoddi4.o)
 .ARM.attributes
                0x00000590       0x22 C:/ST/STM32CubeIDE_1.19.0/STM32CubeIDE/plugins/com.st.stm32cube.ide.mcu.externaltools.gnu-tools-for-stm32.13.3.rel1.win32_1.0.0.202411081344/tools/bin/../lib/gcc/arm-none-eabi/13.3.1/thumb/v7e-m+fp/hard\libgcc.a(_dvmd_tls.o)
 .ARM.attributes
                0x000005b2       0x22 C:/ST/STM32CubeIDE_1.19.0/STM32CubeIDE/plugins/com.st.stm32cube.ide.mcu.externaltools.gnu-tools-for-stm32.13.3.rel1.win32_1.0.0.202411081344/tools/bin/../lib/gcc/arm-none-eabi/13.3.1/thumb/v7e-m+fp/hard/crtn.o
OUTPUT(UART_programmer.elf elf32-littlearm)
LOAD linker stubs
LOAD C:/ST/STM32CubeIDE_1.19.0/STM32CubeIDE/plugins/com.st.stm32cube.ide.mcu.externaltools.gnu-tools-for-stm32.13.3.rel1.win32_1.0.0.202411081344/tools/bin/../lib/gcc/arm-none-eabi/13.3.1/../../../../arm-none-eabi/lib/thumb/v7e-m+fp/hard\libc.a
LOAD C:/ST/STM32CubeIDE_1.19.0/STM32CubeIDE/plugins/com.st.stm32cube.ide.mcu.externaltools.gnu-tools-for-stm32.13.3.rel1.win32_1.0.0.202411081344/tools/bin/../lib/gcc/arm-none-eabi/13.3.1/../../../../arm-none-eabi/lib/thumb/v7e-m+fp/hard\libm.a
LOAD C:/ST/STM32CubeIDE_1.19.0/STM32CubeIDE/plugins/com.st.stm32cube.ide.mcu.externaltools.gnu-tools-for-stm32.13.3.rel1.win32_1.0.0.202411081344/tools/bin/../lib/gcc/arm-none-eabi/13.3.1/thumb/v7e-m+fp/hard\libgcc.a

.debug_info     0x00000000    0x12df0
 .debug_info    0x00000000      0x2e9 ./Core/Src/cmd_manager.o
 .debug_info    0x000002e9      0x794 ./Core/Src/gpio.o
 .debug_info    0x00000a7d      0x6c7 ./Core/Src/main.o
 .debug_info    0x00001144      0x27c ./Core/Src/stm32f4xx_hal_msp.o
 .debug_info    0x000013c0      0x6a5 ./Core/Src/stm32f4xx_it.o
 .debug_info    0x00001a65      0x512 ./Core/Src/system_stm32f4xx.o
 .debug_info    0x00001f77      0xcfe ./Core/Src/tim.o
 .debug_info    0x00002c75      0xb1a ./Core/Src/uart.o
 .debug_info    0x0000378f       0x30 ./Core/Startup/startup_stm32f407vgtx.o
 .debug_info    0x000037bf      0x944 ./Drivers/STM32F4xx_HAL_Driver/Src/stm32f4xx_hal.o
 .debug_info    0x00004103      0xd8c ./Drivers/STM32F4xx_HAL_Driver/Src/stm32f4xx_hal_cortex.o
 .debug_info    0x00004e8f      0x6c3 ./Drivers/STM32F4xx_HAL_Driver/Src/stm32f4xx_hal_gpio.o
 .debug_info    0x00005552     0x114c ./Drivers/STM32F4xx_HAL_Driver/Src/stm32f4xx_hal_hcd.o
 .debug_info    0x0000669e      0x8c3 ./Drivers/STM32F4xx_HAL_Driver/Src/stm32f4xx_hal_rcc.o
 .debug_info    0x00006f61     0x299d ./Drivers/STM32F4xx_HAL_Driver/Src/stm32f4xx_hal_tim.o
 .debug_info    0x000098fe     0x14db ./Drivers/STM32F4xx_HAL_Driver/Src/stm32f4xx_hal_tim_ex.o
 .debug_info    0x0000add9     0x2f4f ./Drivers/STM32F4xx_HAL_Driver/Src/stm32f4xx_hal_uart.o
 .debug_info    0x0000dd28     0x1993 ./Drivers/STM32F4xx_HAL_Driver/Src/stm32f4xx_ll_usb.o
 .debug_info    0x0000f6bb      0xfb5 ./Middlewares/ST/STM32_USB_Host_Library/Core/Src/usbh_core.o
 .debug_info    0x00010670      0xa91 ./Middlewares/ST/STM32_USB_Host_Library/Core/Src/usbh_pipes.o
 .debug_info    0x00011101     0x1cef ./USB_HOST/Target/usbh_conf.o

.debug_abbrev   0x00000000     0x2e4f
 .debug_abbrev  0x00000000      0x13a ./Core/Src/cmd_manager.o
 .debug_abbrev  0x0000013a      0x22c ./Core/Src/gpio.o
 .debug_abbrev  0x00000366      0x21b ./Core/Src/main.o
 .debug_abbrev  0x00000581       0xf4 ./Core/Src/stm32f4xx_hal_msp.o
 .debug_abbrev  0x00000675      0x1a4 ./Core/Src/stm32f4xx_it.o
 .debug_abbrev  0x00000819      0x11a ./Core/Src/system_stm32f4xx.o
 .debug_abbrev  0x00000933      0x248 ./Core/Src/tim.o
 .debug_abbrev  0x00000b7b      0x235 ./Core/Src/uart.o
 .debug_abbrev  0x00000db0       0x24 ./Core/Startup/startup_stm32f407vgtx.o
 .debug_abbrev  0x00000dd4      0x214 ./Drivers/STM32F4xx_HAL_Driver/Src/stm32f4xx_hal.o
 .debug_abbrev  0x00000fe8      0x31d ./Drivers/STM32F4xx_HAL_Driver/Src/stm32f4xx_hal_cortex.o
 .debug_abbrev  0x00001305      0x1d4 ./Drivers/STM32F4xx_HAL_Driver/Src/stm32f4xx_hal_gpio.o
 .debug_abbrev  0x000014d9      0x296 ./Drivers/STM32F4xx_HAL_Driver/Src/stm32f4xx_hal_hcd.o
 .debug_abbrev  0x0000176f      0x2b7 ./Drivers/STM32F4xx_HAL_Driver/Src/stm32f4xx_hal_rcc.o
 .debug_abbrev  0x00001a26      0x278 ./Drivers/STM32F4xx_HAL_Driver/Src/stm32f4xx_hal_tim.o
 .debug_abbrev  0x00001c9e      0x283 ./Drivers/STM32F4xx_HAL_Driver/Src/stm32f4xx_hal_tim_ex.o
 .debug_abbrev  0x00001f21      0x30e ./Drivers/STM32F4xx_HAL_Driver/Src/stm32f4xx_hal_uart.o
 .debug_abbrev  0x0000222f      0x2b3 ./Drivers/STM32F4xx_HAL_Driver/Src/stm32f4xx_ll_usb.o
 .debug_abbrev  0x000024e2      0x32a ./Middlewares/ST/STM32_USB_Host_Library/Core/Src/usbh_core.o
 .debug_abbrev  0x0000280c      0x281 ./Middlewares/ST/STM32_USB_Host_Library/Core/Src/usbh_pipes.o
 .debug_abbrev  0x00002a8d      0x3c2 ./USB_HOST/Target/usbh_conf.o

.debug_aranges  0x00000000     0x10f0
 .debug_aranges
                0x00000000       0x28 ./Core/Src/cmd_manager.o
 .debug_aranges
                0x00000028       0x50 ./Core/Src/gpio.o
 .debug_aranges
                0x00000078       0x30 ./Core/Src/main.o
 .debug_aranges
                0x000000a8       0x20 ./Core/Src/stm32f4xx_hal_msp.o
 .debug_aranges
                0x000000c8       0x68 ./Core/Src/stm32f4xx_it.o
 .debug_aranges
                0x00000130       0x28 ./Core/Src/system_stm32f4xx.o
 .debug_aranges
                0x00000158       0x58 ./Core/Src/tim.o
 .debug_aranges
                0x000001b0       0x50 ./Core/Src/uart.o
 .debug_aranges
                0x00000200       0x28 ./Core/Startup/startup_stm32f407vgtx.o
 .debug_aranges
                0x00000228       0xf0 ./Drivers/STM32F4xx_HAL_Driver/Src/stm32f4xx_hal.o
 .debug_aranges
                0x00000318      0x130 ./Drivers/STM32F4xx_HAL_Driver/Src/stm32f4xx_hal_cortex.o
 .debug_aranges
                0x00000448       0x58 ./Drivers/STM32F4xx_HAL_Driver/Src/stm32f4xx_hal_gpio.o
 .debug_aranges
                0x000004a0      0x108 ./Drivers/STM32F4xx_HAL_Driver/Src/stm32f4xx_hal_hcd.o
 .debug_aranges
                0x000005a8       0x88 ./Drivers/STM32F4xx_HAL_Driver/Src/stm32f4xx_hal_rcc.o
 .debug_aranges
                0x00000630      0x3d0 ./Drivers/STM32F4xx_HAL_Driver/Src/stm32f4xx_hal_tim.o
 .debug_aranges
                0x00000a00      0x168 ./Drivers/STM32F4xx_HAL_Driver/Src/stm32f4xx_hal_tim_ex.o
 .debug_aranges
                0x00000b68      0x208 ./Drivers/STM32F4xx_HAL_Driver/Src/stm32f4xx_hal_uart.o
 .debug_aranges
                0x00000d70      0x1a0 ./Drivers/STM32F4xx_HAL_Driver/Src/stm32f4xx_ll_usb.o
 .debug_aranges
                0x00000f10       0xc0 ./Middlewares/ST/STM32_USB_Host_Library/Core/Src/usbh_core.o
 .debug_aranges
                0x00000fd0       0x40 ./Middlewares/ST/STM32_USB_Host_Library/Core/Src/usbh_pipes.o
 .debug_aranges
                0x00001010       0xe0 ./USB_HOST/Target/usbh_conf.o

.debug_rnglists
                0x00000000      0xd28
 .debug_rnglists
                0x00000000       0x29 ./Core/Src/cmd_manager.o
 .debug_rnglists
                0x00000029       0x3a ./Core/Src/gpio.o
 .debug_rnglists
                0x00000063       0x21 ./Core/Src/main.o
 .debug_rnglists
                0x00000084       0x13 ./Core/Src/stm32f4xx_hal_msp.o
 .debug_rnglists
                0x00000097       0x49 ./Core/Src/stm32f4xx_it.o
 .debug_rnglists
                0x000000e0       0x1a ./Core/Src/system_stm32f4xx.o
 .debug_rnglists
                0x000000fa       0x3e ./Core/Src/tim.o
 .debug_rnglists
                0x00000138       0x39 ./Core/Src/uart.o
 .debug_rnglists
                0x00000171       0x19 ./Core/Startup/startup_stm32f407vgtx.o
 .debug_rnglists
                0x0000018a       0xaf ./Drivers/STM32F4xx_HAL_Driver/Src/stm32f4xx_hal.o
 .debug_rnglists
                0x00000239       0xe0 ./Drivers/STM32F4xx_HAL_Driver/Src/stm32f4xx_hal_cortex.o
 .debug_rnglists
                0x00000319       0x3f ./Drivers/STM32F4xx_HAL_Driver/Src/stm32f4xx_hal_gpio.o
 .debug_rnglists
                0x00000358       0xca ./Drivers/STM32F4xx_HAL_Driver/Src/stm32f4xx_hal_hcd.o
 .debug_rnglists
                0x00000422       0x66 ./Drivers/STM32F4xx_HAL_Driver/Src/stm32f4xx_hal_rcc.o
 .debug_rnglists
                0x00000488      0x31a ./Drivers/STM32F4xx_HAL_Driver/Src/stm32f4xx_hal_tim.o
 .debug_rnglists
                0x000007a2      0x125 ./Drivers/STM32F4xx_HAL_Driver/Src/stm32f4xx_hal_tim_ex.o
 .debug_rnglists
                0x000008c7      0x1bc ./Drivers/STM32F4xx_HAL_Driver/Src/stm32f4xx_hal_uart.o
 .debug_rnglists
                0x00000a83      0x147 ./Drivers/STM32F4xx_HAL_Driver/Src/stm32f4xx_ll_usb.o
 .debug_rnglists
                0x00000bca       0x8f ./Middlewares/ST/STM32_USB_Host_Library/Core/Src/usbh_core.o
 .debug_rnglists
                0x00000c59       0x2b ./Middlewares/ST/STM32_USB_Host_Library/Core/Src/usbh_pipes.o
 .debug_rnglists
                0x00000c84       0xa4 ./USB_HOST/Target/usbh_conf.o

.debug_macro    0x00000000    0x232f1
 .debug_macro   0x00000000      0x318 ./Core/Src/cmd_manager.o
 .debug_macro   0x00000318      0xad8 ./Core/Src/cmd_manager.o
 .debug_macro   0x00000df0       0x22 ./Core/Src/cmd_manager.o
 .debug_macro   0x00000e12       0x5b ./Core/Src/cmd_manager.o
 .debug_macro   0x00000e6d       0x2a ./Core/Src/cmd_manager.o
 .debug_macro   0x00000e97       0x94 ./Core/Src/cmd_manager.o
 .debug_macro   0x00000f2b       0x43 ./Core/Src/cmd_manager.o
 .debug_macro   0x00000f6e       0x34 ./Core/Src/cmd_manager.o
 .debug_macro   0x00000fa2      0x190 ./Core/Src/cmd_manager.o
 .debug_macro   0x00001132       0x57 ./Core/Src/cmd_manager.o
 .debug_macro   0x00001189      0x370 ./Core/Src/cmd_manager.o
 .debug_macro   0x000014f9       0x16 ./Core/Src/cmd_manager.o
 .debug_macro   0x0000150f       0x4a ./Core/Src/cmd_manager.o
 .debug_macro   0x00001559       0x34 ./Core/Src/cmd_manager.o
 .debug_macro   0x0000158d       0x10 ./Core/Src/cmd_manager.o
 .debug_macro   0x0000159d       0x58 ./Core/Src/cmd_manager.o
 .debug_macro   0x000015f5       0x8e ./Core/Src/cmd_manager.o
 .debug_macro   0x00001683       0x1c ./Core/Src/cmd_manager.o
 .debug_macro   0x0000169f      0x185 ./Core/Src/cmd_manager.o
 .debug_macro   0x00001824       0x10 ./Core/Src/cmd_manager.o
 .debug_macro   0x00001834       0x3c ./Core/Src/cmd_manager.o
 .debug_macro   0x00001870       0x20 ./Core/Src/cmd_manager.o
 .debug_macro   0x00001890      0x2b3 ./Core/Src/cmd_manager.o
 .debug_macro   0x00001b43       0x2e ./Core/Src/cmd_manager.o
 .debug_macro   0x00001b71       0x2f ./Core/Src/cmd_manager.o
 .debug_macro   0x00001ba0      0x103 ./Core/Src/cmd_manager.o
 .debug_macro   0x00001ca3       0x6a ./Core/Src/cmd_manager.o
 .debug_macro   0x00001d0d      0x1df ./Core/Src/cmd_manager.o
 .debug_macro   0x00001eec       0x1c ./Core/Src/cmd_manager.o
 .debug_macro   0x00001f08       0x22 ./Core/Src/cmd_manager.o
 .debug_macro   0x00001f2a       0xfb ./Core/Src/cmd_manager.o
 .debug_macro   0x00002025     0x1011 ./Core/Src/cmd_manager.o
 .debug_macro   0x00003036      0x11f ./Core/Src/cmd_manager.o
 .debug_macro   0x00003155    0x15ea5 ./Core/Src/cmd_manager.o
 .debug_macro   0x00018ffa       0x6d ./Core/Src/cmd_manager.o
 .debug_macro   0x00019067     0x3693 ./Core/Src/cmd_manager.o
 .debug_macro   0x0001c6fa       0x56 ./Core/Src/cmd_manager.o
 .debug_macro   0x0001c750      0x980 ./Core/Src/cmd_manager.o
 .debug_macro   0x0001d0d0      0x9e9 ./Core/Src/cmd_manager.o
 .debug_macro   0x0001dab9      0x115 ./Core/Src/cmd_manager.o
 .debug_macro   0x0001dbce      0x13e ./Core/Src/cmd_manager.o
 .debug_macro   0x0001dd0c       0xa5 ./Core/Src/cmd_manager.o
 .debug_macro   0x0001ddb1      0x174 ./Core/Src/cmd_manager.o
 .debug_macro   0x0001df25      0x287 ./Core/Src/cmd_manager.o
 .debug_macro   0x0001e1ac       0x5f ./Core/Src/cmd_manager.o
 .debug_macro   0x0001e20b      0x236 ./Core/Src/cmd_manager.o
 .debug_macro   0x0001e441      0x12c ./Core/Src/cmd_manager.o
 .debug_macro   0x0001e56d      0x21e ./Core/Src/cmd_manager.o
 .debug_macro   0x0001e78b       0x2e ./Core/Src/cmd_manager.o
 .debug_macro   0x0001e7b9      0x1b5 ./Core/Src/cmd_manager.o
 .debug_macro   0x0001e96e       0xd6 ./Core/Src/cmd_manager.o
 .debug_macro   0x0001ea44      0x1a7 ./Core/Src/cmd_manager.o
 .debug_macro   0x0001ebeb       0x46 ./Core/Src/cmd_manager.o
 .debug_macro   0x0001ec31       0x4a ./Core/Src/cmd_manager.o
 .debug_macro   0x0001ec7b      0x127 ./Core/Src/cmd_manager.o
 .debug_macro   0x0001eda2       0x7e ./Core/Src/cmd_manager.o
 .debug_macro   0x0001ee20       0x89 ./Core/Src/cmd_manager.o
 .debug_macro   0x0001eea9      0x225 ./Core/Src/cmd_manager.o
 .debug_macro   0x0001f0ce      0x8ed ./Core/Src/cmd_manager.o
 .debug_macro   0x0001f9bb       0x4d ./Core/Src/cmd_manager.o
 .debug_macro   0x0001fa08      0x2aa ./Core/Src/cmd_manager.o
 .debug_macro   0x0001fcb2      0x293 ./Core/Src/cmd_manager.o
 .debug_macro   0x0001ff45       0x98 ./Core/Src/cmd_manager.o
 .debug_macro   0x0001ffdd      0x12d ./Core/Src/cmd_manager.o
 .debug_macro   0x0002010a      0x190 ./Core/Src/cmd_manager.o
 .debug_macro   0x0002029a       0x22 ./Core/Src/cmd_manager.o
 .debug_macro   0x000202bc      0x250 ./Core/Src/gpio.o
 .debug_macro   0x0002050c       0x8e ./Core/Src/gpio.o
 .debug_macro   0x0002059a       0x51 ./Core/Src/gpio.o
 .debug_macro   0x000205eb       0x5c ./Core/Src/gpio.o
 .debug_macro   0x00020647      0x268 ./Core/Src/main.o
 .debug_macro   0x000208af      0x233 ./Core/Src/stm32f4xx_hal_msp.o
 .debug_macro   0x00020ae2      0x23d ./Core/Src/stm32f4xx_it.o
 .debug_macro   0x00020d1f      0x224 ./Core/Src/system_stm32f4xx.o
 .debug_macro   0x00020f43      0x246 ./Core/Src/tim.o
 .debug_macro   0x00021189      0x24c ./Core/Src/uart.o
 .debug_macro   0x000213d5      0x284 ./Drivers/STM32F4xx_HAL_Driver/Src/stm32f4xx_hal.o
 .debug_macro   0x00021659      0x224 ./Drivers/STM32F4xx_HAL_Driver/Src/stm32f4xx_hal_cortex.o
 .debug_macro   0x0002187d      0x22a ./Drivers/STM32F4xx_HAL_Driver/Src/stm32f4xx_hal_gpio.o
 .debug_macro   0x00021aa7      0x224 ./Drivers/STM32F4xx_HAL_Driver/Src/stm32f4xx_hal_hcd.o
 .debug_macro   0x00021ccb      0x248 ./Drivers/STM32F4xx_HAL_Driver/Src/stm32f4xx_hal_rcc.o
 .debug_macro   0x00021f13      0x225 ./Drivers/STM32F4xx_HAL_Driver/Src/stm32f4xx_hal_tim.o
 .debug_macro   0x00022138      0x224 ./Drivers/STM32F4xx_HAL_Driver/Src/stm32f4xx_hal_tim_ex.o
 .debug_macro   0x0002235c      0x225 ./Drivers/STM32F4xx_HAL_Driver/Src/stm32f4xx_hal_uart.o
 .debug_macro   0x00022581      0x224 ./Drivers/STM32F4xx_HAL_Driver/Src/stm32f4xx_ll_usb.o
 .debug_macro   0x000227a5      0x3c8 ./Middlewares/ST/STM32_USB_Host_Library/Core/Src/usbh_core.o
 .debug_macro   0x00022b6d      0x3ba ./Middlewares/ST/STM32_USB_Host_Library/Core/Src/usbh_pipes.o
 .debug_macro   0x00022f27      0x3ca ./USB_HOST/Target/usbh_conf.o

.debug_line     0x00000000    0x1562f
 .debug_line    0x00000000      0xa1d ./Core/Src/cmd_manager.o
 .debug_line    0x00000a1d      0xaeb ./Core/Src/gpio.o
 .debug_line    0x00001508      0x8e5 ./Core/Src/main.o
 .debug_line    0x00001ded      0x7ed ./Core/Src/stm32f4xx_hal_msp.o
 .debug_line    0x000025da      0x8b3 ./Core/Src/stm32f4xx_it.o
 .debug_line    0x00002e8d      0x862 ./Core/Src/system_stm32f4xx.o
 .debug_line    0x000036ef      0x96c ./Core/Src/tim.o
 .debug_line    0x0000405b      0x93e ./Core/Src/uart.o
 .debug_line    0x00004999       0x7a ./Core/Startup/startup_stm32f407vgtx.o
 .debug_line    0x00004a13      0xade ./Drivers/STM32F4xx_HAL_Driver/Src/stm32f4xx_hal.o
 .debug_line    0x000054f1      0xdae ./Drivers/STM32F4xx_HAL_Driver/Src/stm32f4xx_hal_cortex.o
 .debug_line    0x0000629f      0xc36 ./Drivers/STM32F4xx_HAL_Driver/Src/stm32f4xx_hal_gpio.o
 .debug_line    0x00006ed5     0x166f ./Drivers/STM32F4xx_HAL_Driver/Src/stm32f4xx_hal_hcd.o
 .debug_line    0x00008544      0xeed ./Drivers/STM32F4xx_HAL_Driver/Src/stm32f4xx_hal_rcc.o
 .debug_line    0x00009431     0x388a ./Drivers/STM32F4xx_HAL_Driver/Src/stm32f4xx_hal_tim.o
 .debug_line    0x0000ccbb     0x1a75 ./Drivers/STM32F4xx_HAL_Driver/Src/stm32f4xx_hal_tim_ex.o
 .debug_line    0x0000e730     0x2626 ./Drivers/STM32F4xx_HAL_Driver/Src/stm32f4xx_hal_uart.o
 .debug_line    0x00010d56     0x1e12 ./Drivers/STM32F4xx_HAL_Driver/Src/stm32f4xx_ll_usb.o
 .debug_line    0x00012b68     0x11fe ./Middlewares/ST/STM32_USB_Host_Library/Core/Src/usbh_core.o
 .debug_line    0x00013d66      0xaf8 ./Middlewares/ST/STM32_USB_Host_Library/Core/Src/usbh_pipes.o
 .debug_line    0x0001485e      0xdd1 ./USB_HOST/Target/usbh_conf.o

.debug_str      0x00000000    0xd3bc3
 .debug_str     0x00000000    0xd3bc3 ./Core/Src/cmd_manager.o
                              0xcce9e (size before relaxing)
 .debug_str     0x000d3bc3    0xc9f24 ./Core/Src/gpio.o
 .debug_str     0x000d3bc3    0xc9fea ./Core/Src/main.o
 .debug_str     0x000d3bc3    0xc9c1e ./Core/Src/stm32f4xx_hal_msp.o
 .debug_str     0x000d3bc3    0xca055 ./Core/Src/stm32f4xx_it.o
 .debug_str     0x000d3bc3    0xc964c ./Core/Src/system_stm32f4xx.o
 .debug_str     0x000d3bc3    0xca8eb ./Core/Src/tim.o
 .debug_str     0x000d3bc3    0xca2a5 ./Core/Src/uart.o
 .debug_str     0x000d3bc3       0x84 ./Core/Startup/startup_stm32f407vgtx.o
 .debug_str     0x000d3bc3    0xca1d0 ./Drivers/STM32F4xx_HAL_Driver/Src/stm32f4xx_hal.o
 .debug_str     0x000d3bc3    0xc9f4c ./Drivers/STM32F4xx_HAL_Driver/Src/stm32f4xx_hal_cortex.o
 .debug_str     0x000d3bc3    0xc97c7 ./Drivers/STM32F4xx_HAL_Driver/Src/stm32f4xx_hal_gpio.o
 .debug_str     0x000d3bc3    0xc9f34 ./Drivers/STM32F4xx_HAL_Driver/Src/stm32f4xx_hal_hcd.o
 .debug_str     0x000d3bc3    0xc9a80 ./Drivers/STM32F4xx_HAL_Driver/Src/stm32f4xx_hal_rcc.o
 .debug_str     0x000d3bc3    0xcaa0d ./Drivers/STM32F4xx_HAL_Driver/Src/stm32f4xx_hal_tim.o
 .debug_str     0x000d3bc3    0xca219 ./Drivers/STM32F4xx_HAL_Driver/Src/stm32f4xx_hal_tim_ex.o
 .debug_str     0x000d3bc3    0xca061 ./Drivers/STM32F4xx_HAL_Driver/Src/stm32f4xx_hal_uart.o
 .debug_str     0x000d3bc3    0xca005 ./Drivers/STM32F4xx_HAL_Driver/Src/stm32f4xx_ll_usb.o
 .debug_str     0x000d3bc3    0xcf0d2 ./Middlewares/ST/STM32_USB_Host_Library/Core/Src/usbh_core.o
 .debug_str     0x000d3bc3    0xcee03 ./Middlewares/ST/STM32_USB_Host_Library/Core/Src/usbh_pipes.o
 .debug_str     0x000d3bc3    0xcfd7f ./USB_HOST/Target/usbh_conf.o

.comment        0x00000000       0x43
 .comment       0x00000000       0x43 ./Core/Src/cmd_manager.o
                                 0x44 (size before relaxing)
 .comment       0x00000043       0x44 ./Core/Src/gpio.o
 .comment       0x00000043       0x44 ./Core/Src/main.o
 .comment       0x00000043       0x44 ./Core/Src/stm32f4xx_hal_msp.o
 .comment       0x00000043       0x44 ./Core/Src/stm32f4xx_it.o
 .comment       0x00000043       0x44 ./Core/Src/system_stm32f4xx.o
 .comment       0x00000043       0x44 ./Core/Src/tim.o
 .comment       0x00000043       0x44 ./Core/Src/uart.o
 .comment       0x00000043       0x44 ./Drivers/STM32F4xx_HAL_Driver/Src/stm32f4xx_hal.o
 .comment       0x00000043       0x44 ./Drivers/STM32F4xx_HAL_Driver/Src/stm32f4xx_hal_cortex.o
 .comment       0x00000043       0x44 ./Drivers/STM32F4xx_HAL_Driver/Src/stm32f4xx_hal_gpio.o
 .comment       0x00000043       0x44 ./Drivers/STM32F4xx_HAL_Driver/Src/stm32f4xx_hal_hcd.o
 .comment       0x00000043       0x44 ./Drivers/STM32F4xx_HAL_Driver/Src/stm32f4xx_hal_rcc.o
 .comment       0x00000043       0x44 ./Drivers/STM32F4xx_HAL_Driver/Src/stm32f4xx_hal_tim.o
 .comment       0x00000043       0x44 ./Drivers/STM32F4xx_HAL_Driver/Src/stm32f4xx_hal_tim_ex.o
 .comment       0x00000043       0x44 ./Drivers/STM32F4xx_HAL_Driver/Src/stm32f4xx_hal_uart.o
 .comment       0x00000043       0x44 ./Drivers/STM32F4xx_HAL_Driver/Src/stm32f4xx_ll_usb.o
 .comment       0x00000043       0x44 ./Middlewares/ST/STM32_USB_Host_Library/Core/Src/usbh_core.o
 .comment       0x00000043       0x44 ./Middlewares/ST/STM32_USB_Host_Library/Core/Src/usbh_pipes.o
 .comment       0x00000043       0x44 ./USB_HOST/Target/usbh_conf.o

.debug_frame    0x00000000     0x47a8
 .debug_frame   0x00000000       0x54 ./Core/Src/cmd_manager.o
 .debug_frame   0x00000054      0x114 ./Core/Src/gpio.o
 .debug_frame   0x00000168       0x6c ./Core/Src/main.o
 .debug_frame   0x000001d4       0x34 ./Core/Src/stm32f4xx_hal_msp.o
 .debug_frame   0x00000208      0x120 ./Core/Src/stm32f4xx_it.o
 .debug_frame   0x00000328       0x58 ./Core/Src/system_stm32f4xx.o
 .debug_frame   0x00000380      0x13c ./Core/Src/tim.o
 .debug_frame   0x000004bc      0x104 ./Core/Src/uart.o
 .debug_frame   0x000005c0      0x374 ./Drivers/STM32F4xx_HAL_Driver/Src/stm32f4xx_hal.o
 .debug_frame   0x00000934      0x508 ./Drivers/STM32F4xx_HAL_Driver/Src/stm32f4xx_hal_cortex.o
 .debug_frame   0x00000e3c      0x14c ./Drivers/STM32F4xx_HAL_Driver/Src/stm32f4xx_hal_gpio.o
 .debug_frame   0x00000f88      0x498 ./Drivers/STM32F4xx_HAL_Driver/Src/stm32f4xx_hal_hcd.o
 .debug_frame   0x00001420      0x1f4 ./Drivers/STM32F4xx_HAL_Driver/Src/stm32f4xx_hal_rcc.o
 .debug_frame   0x00001614     0x11c0 ./Drivers/STM32F4xx_HAL_Driver/Src/stm32f4xx_hal_tim.o
 .debug_frame   0x000027d4      0x638 ./Drivers/STM32F4xx_HAL_Driver/Src/stm32f4xx_hal_tim_ex.o
 .debug_frame   0x00002e0c      0x954 ./Drivers/STM32F4xx_HAL_Driver/Src/stm32f4xx_hal_uart.o
 .debug_frame   0x00003760      0x7c0 ./Drivers/STM32F4xx_HAL_Driver/Src/stm32f4xx_ll_usb.o
 .debug_frame   0x00003f20      0x334 ./Middlewares/ST/STM32_USB_Host_Library/Core/Src/usbh_core.o
 .debug_frame   0x00004254       0xcc ./Middlewares/ST/STM32_USB_Host_Library/Core/Src/usbh_pipes.o
 .debug_frame   0x00004320      0x3b4 ./USB_HOST/Target/usbh_conf.o
 .debug_frame   0x000046d4       0x20 C:/ST/STM32CubeIDE_1.19.0/STM32CubeIDE/plugins/com.st.stm32cube.ide.mcu.externaltools.gnu-tools-for-stm32.13.3.rel1.win32_1.0.0.202411081344/tools/bin/../lib/gcc/arm-none-eabi/13.3.1/../../../../arm-none-eabi/lib/thumb/v7e-m+fp/hard\libc_nano.a(libc_a-memset.o)
 .debug_frame   0x000046f4       0x28 C:/ST/STM32CubeIDE_1.19.0/STM32CubeIDE/plugins/com.st.stm32cube.ide.mcu.externaltools.gnu-tools-for-stm32.13.3.rel1.win32_1.0.0.202411081344/tools/bin/../lib/gcc/arm-none-eabi/13.3.1/../../../../arm-none-eabi/lib/thumb/v7e-m+fp/hard\libc_nano.a(libc_a-strncmp.o)
 .debug_frame   0x0000471c       0x2c C:/ST/STM32CubeIDE_1.19.0/STM32CubeIDE/plugins/com.st.stm32cube.ide.mcu.externaltools.gnu-tools-for-stm32.13.3.rel1.win32_1.0.0.202411081344/tools/bin/../lib/gcc/arm-none-eabi/13.3.1/../../../../arm-none-eabi/lib/thumb/v7e-m+fp/hard\libc_nano.a(libc_a-init.o)
 .debug_frame   0x00004748       0x2c C:/ST/STM32CubeIDE_1.19.0/STM32CubeIDE/plugins/com.st.stm32cube.ide.mcu.externaltools.gnu-tools-for-stm32.13.3.rel1.win32_1.0.0.202411081344/tools/bin/../lib/gcc/arm-none-eabi/13.3.1/thumb/v7e-m+fp/hard\libgcc.a(_aeabi_uldivmod.o)
 .debug_frame   0x00004774       0x34 C:/ST/STM32CubeIDE_1.19.0/STM32CubeIDE/plugins/com.st.stm32cube.ide.mcu.externaltools.gnu-tools-for-stm32.13.3.rel1.win32_1.0.0.202411081344/tools/bin/../lib/gcc/arm-none-eabi/13.3.1/thumb/v7e-m+fp/hard\libgcc.a(_udivmoddi4.o)

.debug_line_str
                0x00000000       0x68
 .debug_line_str
                0x00000000       0x68 ./Core/Startup/startup_stm32f407vgtx.o
